---
source: tests/tui_snapshots.rs
assertion_line: 1562
expression: "normalize_install_screen(&temporary, render(&app, 120, 40))"
---
 ◆ skilled  global                                                                        ● ready · 1 source registered
  ┌ Install result ───────────────────────────────────────────────────────────────────────────────── already applied ┐
 1│                                                                                                                  │
  │  Skill: portable                                                                                                 │
Re│  Links to: [TEMP]                    /src/skills/portable                                                        │
──│                                                                                                                  │─
▌ │  Steps                                                                                                           │
▌ │  ✓ Claude Code: link created                                                                                     │─
▌ │      [TEMP]                    /home/.claude/skills/portable                                                     │
  │  ✓ Codex: link created                                                                                           │
  │      [TEMP]                    /home/.agents/skills/portable                                                     │
  │  ✓ OpenCode: link created                                                                                        │
  │      [TEMP]                    /home/.config/opencode/skills/portable                                            │
  │                                                                                                                  │
  │  Verification                                                                                                    │
  │  ✓ every link written was observed again and matches this plan                                                   │─
  │                                                                                                                  │n
  │                                                                                                                  │
  │                                                                                                                  │
  │                                                                                                                  │─
  │                                                                                                                  │
  │                                                                                                                  │
  │                                                                                                                  │
  │                                                                                                                  │
  │                                                                                                                  │
  │                                                                                                                  │
  │                                                                                                                  │
  │                                                                                                                  │
  │                                                                                                                  │
  │                                                                                                                  │
  │                                                                                                                  │
  │                                                                                                                  │
  │                                                                                                                  │
  │                                                                                                                  │
  │                                                                                                                  │
  │  ──────────────────────────────────────────────────────────────────────────────────────────────────────────────  │
  │  Installed and verified                                                                               Esc Close  │
  │                                                                                                                  │
  └──────────────────────────────────────────────────────────────────────────────────────────────────────────────────┘
 Esc Close   Ctrl-C Quit
