---
source: tests/tui_snapshots.rs
expression: "normalize_inventory(&temporary, render(&app, 80, 24))"
---
 ◆ skilled  global                                ● ready · 1 source registered
 1 Inventory ·3 │ 2 Sources ·1   │ 3 Updates      │ 4 Doctor ·3    │

▌ Global inventory  0 of 3 listed
Filter: nothing
▁▁▁▁▁▁▁▁▁▁▁▁▁▁▁▁▁▁▁▁▁▁▁▁▁▁▁▁▁▁▁▁▁▁▁▁▁▁▁▁▁▁▁▁▁▁▁▁▁▁▁▁▁▁▁▁▁▁▁▁▁▁▁▁▁▁▁▁▁▁▁▁▁▁▁▁▁▁▁▁






                                        ⌕

                           No skills match the filter

       Press Esc to clear the filter and show every installed skill again.






 Tab/Shift-Tab Region   / Filter   2 Sources   4 Doctor   q Quit   Esc Back …
