---
source: tests/tui_snapshots.rs
expression: screen
---
 ◆ skilled  global                               ● ready · 3 sources registered
 1 Inventory ·5 │ 2 Sources ·3   │ Updates (soon) │ 4 Doctor ·8    │
▌ Doctor  8 findings
────────────────────────────────────────────────────────────────────────────────
  SEVERITY   FINDING                           SKILL                AGENT
▌ × critical install.dangling_symlink          dangling             Claude Code
  × critical variant.duplicate_for_agent       review               Claude Code
  × critical variant.duplicate_for_agent       review               OpenCode
  × critical variant.duplicate_for_agent       review               OpenCode
  ! warning  variant.duplicate_for_agent       review               Codex
  ! warning  variant.incompatible_for_opencode excluded             OpenCode
  ! warning  variant.foreign_opencode_exposure exposed              OpenCode
  - info     variant.benign_alias              shared               OpenCode










 Tab/Shift-Tab Region   j/k Move   Enter Open   1 Inventory   Esc Back …
