---
source: tests/tui_snapshots.rs
expression: "render(&app, 80, 24)"
---
 ◆ skilled   global                              ● ready · 0 sources registered
▌Inventory  2 Sources 0  Updates (soon)  Doctor (soon)
▌ Global inventory  no root read
Roots: Claude Code no root · Codex no root · OpenCode no root
────────────────────────────────────────────────────────────────────────────────






                                        ⌕

                         No agent skill root exists yet

   Skilled looked for the documented global skill root of each selected agent
                 and found none of them. It did not create one.






 Tab/Shift-Tab Region   2 Sources   s Settings   ? Help   q Quit
