---
source: tests/tui_snapshots.rs
assertion_line: 1650
expression: "normalize_install_screen(&temporary, render(&app, 120, 40))"
---
 ▁▁▁▁▁▁▁▁▁▁▁▁▁▁▁▁▁▁▁▁▁▁▁▁▁▁▁▁▁▁▁▁▁▁▁▁▁▁▁▁▁▁▁▁▁▁▁▁▁▁▁▁▁▁▁▁▁▁▁▁▁▁▁▁▁▁▁▁▁▁▁▁▁▁▁▁▁▁▁▁▁▁▁▁▁▁▁▁▁▁▁▁▁▁▁▁▁▁▁▁▁▁▁▁▁▁▁▁▁▁▁▁▁▁▁▁▁▁
▕                                                                                                                      ▏
▕ ◆┌ Uninstall skill ─────────────────────────────────────────────────────────────────────────── managed links only ┐d ▏
▕▁▁│                                                                                                                │▁▁▏
▕  │  Skill: portable                                                                                               │  ▏
▕ 1│                                                                                                                │  ▏
▕▁▁│  Targets                                                                                                       │▁▁▏
▕  │  ! Claude Code · remove the managed link                                                                       │  ▏
▕▌ │    [TEMP]                      /home/.claude/skills/portable                                                   │  ▏
▕──│    receipt target: [CANONICAL]                 /src/skills/portable                                            │▁ ▏
▕  │  ! Codex · remove the managed link                                                                             │  ▏
▕──│    [TEMP]                      /home/.agents/skills/portable                                                   │─ ▏
▕▌ │    receipt target: [CANONICAL]                 /src/skills/portable                                            │  ▏
▕──│  ! OpenCode · remove the managed link                                                                          │  ▏
▕  │    [TEMP]                      /home/.config/opencode/skills/portable                                          │  ▏
▕  │    receipt target: [CANONICAL]                 /src/skills/portable                                            │  ▏
▕  │                                                                                                                │─ ▏
▕  │  Before you confirm                                                                                            │  ▏
▕  │  ! after this uninstall, OpenCode would find nothing under this name                                           │  ▏
▕  │                                                                                                                │─ ▏
▕  │  Source content and agent skill roots are not removed.                                                         │  ▏
▕  │                                                                                                                │  ▏
▕  │                                                                                                                │  ▏
▕  │                                                                                                                │  ▏
▕  │                                                                                                                │l ▏
▕  │                                                                                                                │  ▏
▕  │                                                                                                                │  ▏
▕  │                                                                                                                │  ▏
▕  │                                                                                                                │─ ▏
▕  │                                                                                                                │  ▏
▕  │                                                                                                                │  ▏
▕  │                                                                                                                │  ▏
▕  │                                                                                                                │  ▏
▕  │                                                                                                                │l ▏
▕  │  ────────────────────────────────────────────────────────────────────────────────────────────────────────────  │  ▏
▕  │  3 managed links to remove                                                       Enter Uninstall   Esc Cancel  │  ▏
▕  │                                                                                                                │k ▏
▕  └────────────────────────────────────────────────────────────────────────────────────────────────────────────────┘  ▏
▕ Enter Uninstall   Esc Cancel   Ctrl-C Quit                                                                           ▏
 ▔▔▔▔▔▔▔▔▔▔▔▔▔▔▔▔▔▔▔▔▔▔▔▔▔▔▔▔▔▔▔▔▔▔▔▔▔▔▔▔▔▔▔▔▔▔▔▔▔▔▔▔▔▔▔▔▔▔▔▔▔▔▔▔▔▔▔▔▔▔▔▔▔▔▔▔▔▔▔▔▔▔▔▔▔▔▔▔▔▔▔▔▔▔▔▔▔▔▔▔▔▔▔▔▔▔▔▔▔▔▔▔▔▔▔▔▔▔
