---
source: tests/tui_snapshots.rs
assertion_line: 16
expression: "render(&app, 80, 24)"
---
 ◆ skilled   global                                         ● setup in progress
 Setup · Welcome and scope   navigation is locked during setup
┌ Step 1 of 7 ─────────────────────────────────────────────────────────────────┐
│                                                                              │
│  Welcome and scope                                                           │
│                                                                              │
│  Skilled manages global skills for Claude Code, Codex, and OpenCode.         │
│  It inventories local state and previews every filesystem mutation.          │
│                                                                              │
│  No coding agent is launched during setup or diagnosis.                      │
│  Existing physical files, directories, and unknown links are never           │
│  overwritten.                                                                │
│                                                                              │
│                                                                              │
│                                                                              │
│                                                                              │
│                                                                              │
│                                                                              │
│                                                                              │
│                                                                              │
│                                                                              │
│                                                                              │
└──────────────────────────────────────────────────────────────────────────────┘
 Enter Continue   q Quit
