---
source: tests/tui_snapshots.rs
expression: rendered
---
 ◆ skilled   global                                         ● setup in progress
 Setup · Confirm catalogs   navigation is locked during setup
  ┌ First-run setup ───────────────────────────────────── global skills only ┐
  │                                                                          │
  │  ✓━━━━━━━━━ ✓━━━━━━━━ ✓━━━━━━━━ ✓━━━━━━━━ ●━━━━━━━━ ○──────── ○────────  │
  │  STEP 5 / 7                                                              │
  │  Confirm catalogs                                                        │
  │                                                                          │
  │  Confirm the resolved repository, roots, and compatible agents.          │
  │  Repository:                                                             │
  │  [TEMP]/a-  │
  │  deliberately-long-source-repository-directory-name                      │
  │  Branch: main   HEAD: [HEAD]   ✓ clean                                 │
  │                                                                          │
  │  > [x]                                                                   │
  │  catalogs/set-5-with-a-deliberately-long-catalog-root-name/claude-code/  │
  │  skills  AgentSpecific  C:yes X:no O:no                                  │
  │  Space include · c classification · 1/2/3 compatibility                  │
  │  Enter registers metadata only · Esc cancels                             │
  │  ──────────────────────────────────────────────────────────────────────  │
  │  Registration records metadata only         Esc Cancel   Enter Register  │
  │                                                                          │
  └──────────────────────────────────────────────────────────────────────────┘
 j/k Move   Space Include   c Class   1/2/3 Agents   Enter Register   Esc Cancel
