---
source: tests/tui_snapshots.rs
expression: "render(&app, 80, 24)"
---
 ◆ skilled   global                                         ● setup in progress
 Setup · Summary   navigation is locked during setup
  ┌ First-run setup ───────────────────────────────────── global skills only ┐
  │                                                                          │
  │  ✓━━━━━━━━━ ✓━━━━━━━━ ✓━━━━━━━━ ✓━━━━━━━━ ✓━━━━━━━━ ✓━━━━━━━━ ●━━━━━━━━  │
  │  STEP 7 / 7                                                              │
  │  Summary                                                                 │
  │                                                                          │
  │  Setup is ready to finish.                                               │
  │                                                                          │
  │  Configured agents: 3                                                    │
  │  Sources: 0   Skills: 0                                                  │
  │  - installation counts unavailable: no skill root was read               │
  │                                                                          │
  │  Unresolved findings never force a repair.                               │
  │                                                                          │
  │                                                                          │
  │                                                                          │
  │                                                                          │
  │  ──────────────────────────────────────────────────────────────────────  │
  │  Setup is persisted when it finishes         Esc Back   Enter Inventory  │
  │                                                                          │
  └──────────────────────────────────────────────────────────────────────────┘
 Enter Inventory   Esc Back   ? Help   q Quit
