---
source: tests/tui_snapshots.rs
expression: "normalize_install_screen(&temporary, render(&app, 120, 40))"
---
 ▁▁▁▁▁▁▁▁▁▁▁▁▁▁▁▁▁▁▁▁▁▁▁▁▁▁▁▁▁▁▁▁▁▁▁▁▁▁▁▁▁▁▁▁▁▁▁▁▁▁▁▁▁▁▁▁▁▁▁▁▁▁▁▁▁▁▁▁▁▁▁▁▁▁▁▁▁▁▁▁▁▁▁▁▁▁▁▁▁▁▁▁▁▁▁▁▁▁▁▁▁▁▁▁▁▁▁▁▁▁▁▁▁▁▁▁▁▁
▕                                                                                                                      ▏
▕ ◆┌ Install result ─────────────────────────────────────────────────────────────────────────────── already applied ┐d ▏
▕▁▁│                                                                                                                │▁▁▏
▕  │  Skill: portable                                                                                               │  ▏
▕ 1│  Links to: [CANONICAL]                 /src/skills/portable                                                    │  ▏
▕▁▁│                                                                                                                │▁▁▏
▕  │  Steps                                                                                                         │  ▏
▕──│  × Claude Code: skill root created, but the link was not: Permission denied (os error 13)                      │─ ▏
▕▌ │      [TEMP]                      /home/.claude/skills/portable                                                 │  ▏
▕▌ │  U Codex: not attempted, because an earlier step stopped the run                                               │─ ▏
▕▌ │      [TEMP]                      /home/.agents/skills/portable                                                 │  ▏
▕  │  U OpenCode: not attempted, because an earlier step stopped the run                                            │c ▏
▕  │      [TEMP]                      /home/.config/opencode/skills/portable                                        │  ▏
▕  │                                                                                                                │  ▏
▕  │  Verification                                                                                                  │  ▏
▕  │  ✓ every link written was observed again and matches this plan                                                 │  ▏
▕  │                                                                                                                │  ▏
▕  │  Skilled does not undo what it wrote. Nothing above was removed. Repair only replaces a still-present link     │─ ▏
▕  │  whose ownership can be proven.                                                                                │n ▏
▕  │                                                                                                                │  ▏
▕  │                                                                                                                │  ▏
▕  │                                                                                                                │─ ▏
▕  │                                                                                                                │  ▏
▕  │                                                                                                                │  ▏
▕  │                                                                                                                │  ▏
▕  │                                                                                                                │  ▏
▕  │                                                                                                                │  ▏
▕  │                                                                                                                │  ▏
▕  │                                                                                                                │  ▏
▕  │                                                                                                                │  ▏
▕  │                                                                                                                │  ▏
▕  │                                                                                                                │  ▏
▕  │                                                                                                                │  ▏
▕  │  ────────────────────────────────────────────────────────────────────────────────────────────────────────────  │  ▏
▕  │  Partly applied                                                                                     Esc Close  │  ▏
▕  │                                                                                                                │  ▏
▕  └────────────────────────────────────────────────────────────────────────────────────────────────────────────────┘  ▏
▕ Esc Close   Ctrl-C Quit                                                                                              ▏
 ▔▔▔▔▔▔▔▔▔▔▔▔▔▔▔▔▔▔▔▔▔▔▔▔▔▔▔▔▔▔▔▔▔▔▔▔▔▔▔▔▔▔▔▔▔▔▔▔▔▔▔▔▔▔▔▔▔▔▔▔▔▔▔▔▔▔▔▔▔▔▔▔▔▔▔▔▔▔▔▔▔▔▔▔▔▔▔▔▔▔▔▔▔▔▔▔▔▔▔▔▔▔▔▔▔▔▔▔▔▔▔▔▔▔▔▔▔▔
