---
source: tests/tui_snapshots.rs
expression: screen
---
 ◆ skilled   global                                                   ● ready · 1 source registered
▌Inventory 3  2 Sources 1  Updates (soon)  Doctor (soon)
▌ Global inventory  3 skills                                │ Details  alpha
Roots: Claude Code 2 installed · Codex 2 installed ·        │ ─────────────────────────────────────
OpenCode no root                                            │ SKILL
────────────────────────────────────────────────────────────│ ─────────────────────────────────────
  SKILL              CLAUDE  CODEX  OPENCODE  HEALTH        │ alpha
▌ alpha              ✓       ✓      -         ✓ healthy     │ ✓ healthy
  broken             ×       -      -         × broken      │ Description: alpha fixture
  copied             -       U      -         U unmanaged   │ SOURCE
                                                            │ ─────────────────────────────────────
                                                            │ Source: library
                                                            │ CLAUDE CODE  ✓ healthy
                                                            │ ─────────────────────────────────────
                                                            │ Path: ~/.claude/skills/alpha
                                                            │ Object: symbolic link
                                                            │ Variant: skills · skills/alpha
                                                            │ Target: ~/library/skills/alpha
                                                            │ Validation: ✓ valid as alpha
                                                            │ CODEX  ✓ healthy
                                                            │ ─────────────────────────────────────
                                                            │ Path: ~/.agents/skills/alpha
                                                            │ Object: symbolic link
                                                            │ Variant: skills · skills/alpha
                                                            │ ! 5 more lines
 Tab/Shift-Tab Region   j/k Move   Enter Open   / Filter   2 Sources   s Settings   ? Help   q Quit
