---
source: tests/tui_snapshots.rs
expression: "render(&app, 80, 24)"
---
 ◆ skilled   global                                         ● setup in progress
 Setup · Scan installations   navigation is locked during setup
  ┌ First-run setup ───────────────────────────────────── global skills only ┐
  │                                                                          │
  │  ✓━━━━━━━━━ ✓━━━━━━━━ ✓━━━━━━━━ ✓━━━━━━━━ ✓━━━━━━━━ ●━━━━━━━━ ○────────  │
  │  STEP 6 / 7                                                              │
  │  Scan installations                                                      │
  │                                                                          │
  │  Skilled read the global skill root of each selected agent.              │
  │                                                                          │
  │  - root not found   Claude Code  ~/.claude/skills                        │
  │  - root not found   Codex        ~/.agents/skills                        │
  │  - root not found   OpenCode     ~/.config/opencode/skills               │
  │                                                                          │
  │  Nothing outside those roots was read, and nothing was changed.          │
  │                                                                          │
  │                                                                          │
  │                                                                          │
  │                                                                          │
  │  ──────────────────────────────────────────────────────────────────────  │
  │  Setup is persisted when it finishes          Esc Back   Enter Continue  │
  │                                                                          │
  └──────────────────────────────────────────────────────────────────────────┘
 Enter Continue   Esc Back   ? Help   q Quit
