---
source: tests/tui_snapshots.rs
expression: screen
---
 ◆ skilled  global                                ● ready · 1 source registered
 1 Inventory ·3 │ 2 Sources ·1   │ 3 Updates      │ 4 Doctor ·3    │

 ▌ Details  alpha
 ▁▁▁▁▁▁▁▁▁▁▁▁▁▁▁▁▁▁▁▁▁▁▁▁▁▁▁▁▁▁▁▁▁▁▁▁▁▁▁▁▁▁▁▁▁▁▁▁▁▁▁▁▁▁▁▁▁▁▁▁▁▁▁▁▁▁▁▁▁▁▁▁▁▁▁▁▁▁
 ! 12 lines above
 Variant: skills · skills/alpha
 Target: ~/library/skills/alpha
 Validation: ✓ valid as alpha
 CODEX  ✓ healthy
 ──────────────────────────────────────────────────────────────────────────────
 Path: ~/.agents/skills/alpha
 Object: symbolic link
 Variant: skills · skills/alpha
 Target: ~/library/skills/alpha
 Validation: ✓ valid as alpha
 OPENCODE RESOLUTION  ✓ resolved
 ──────────────────────────────────────────────────────────────────────────────
 Loads: ~/.agents/skills/alpha
 Also at: ~/.claude/skills/alpha
 NO ROOT
 ──────────────────────────────────────────────────────────────────────────────
 - OpenCode
 Tab/Shift-Tab Region   j/k Scroll   2 Sources   4 Doctor   q Quit   Esc Back …
