---
source: tests/tui_snapshots.rs
expression: "render(&app, 120, 40)"
---
 ◆ skilled   global                                                                      ● ready · 0 sources registered
 Keyboard reference   navigation is locked while this dialog is open
┌▌ Repositories  0 registered────┐ ┌Available variants  no source──────────────┐┌Details  no selection─────────────────┐
│                                │ │                                           ││                                      │
│                                │ │                                           ││                                      │
│                                │ │                                           ││                                      │
│                                │ │                                           ││                                      │
│                                │ │                                           ││                                      │
│                                │ │                                           ││                                      │
│                                │ │                                           ││                                      │
│           ┌ Keyboard reference ───────────────────────────────────────────────────────────────── Sources ┐           │
│           │                                                                                              │           │
│           │  Only commands available in this context are listed.                                         │           │
│           │                                                                                              │           │
│           │  Tab / Shift-Tab Region — move region focus    1 Inventory — return to Inventory             │           │
│           │  forward or backward                           Esc Back one region — return toward           │           │
│           │  Up/Down or j/k Move — move repository or      Repositories, then Inventory                  │           │
│           │  variant selection                             ? Help — open this keyboard reference         │           │
│           │  Enter Open next region — advance toward       q Quit — quit when no dialog is open          │           │
│    No sour│  Details                                                                                     │d          │
│           │  a Add source — inspect a local checkout                                                     │           │
│   Press a │                                                                                              │see its    │
│          G│                                                                                              │           │
│           │                                                                                              │           │
│           │                                                                                              │           │
│           │                                                                                              │           │
│           │  ──────────────────────────────────────────────────────────────────────────────────────────  │           │
│           │  Commands for Sources                                                             Esc Close  │           │
│           │                                                                                              │           │
│           └──────────────────────────────────────────────────────────────────────────────────────────────┘           │
│                                │ │                                           ││                                      │
│                                │ │                                           ││                                      │
│                                │ │                                           ││                                      │
│                                │ │                                           ││                                      │
│                                │ │                                           ││                                      │
│                                │ │                                           ││                                      │
│                                │ │                                           ││                                      │
│                                │ │                                           ││                                      │
└────────────────────────────────┘ └───────────────────────────────────────────┘└──────────────────────────────────────┘
 Esc Close   Ctrl-C Quit
