---
source: tests/tui_snapshots.rs
expression: "normalize_inventory(&temporary, render(&app, 120, 40))"
---
 ▁▁▁▁▁▁▁▁▁▁▁▁▁▁▁▁▁▁▁▁▁▁▁▁▁▁▁▁▁▁▁▁▁▁▁▁▁▁▁▁▁▁▁▁▁▁▁▁▁▁▁▁▁▁▁▁▁▁▁▁▁▁▁▁▁▁▁▁▁▁▁▁▁▁▁▁▁▁▁▁▁▁▁▁▁▁▁▁▁▁▁▁▁▁▁▁▁▁▁▁▁▁▁▁▁▁▁▁▁▁▁▁▁▁▁▁▁▁
▕                                                                                                                      ▏
▕ ◆ skilled  global                                                                                                    ▏
▕▁▁▁▁▁▁▁▁▁▁▁▁▁▁▁▁▁▁▁▁▁▁▁▁▁▁▁▁▁▁▁▁▁▁▁▁▁▁▁▁▁▁▁▁▁▁▁▁▁▁▁▁▁▁▁▁▁▁▁▁▁▁▁▁▁▁▁▁▁▁▁▁▁▁▁▁▁▁▁▁▁▁▁▁▁▁▁▁▁▁▁▁▁▁▁▁▁▁▁▁▁▁▁▁▁▁▁▁▁▁▁▁▁▁▁▁▁▁▏
▕                │                │                │                │                                                  ▏
▕ 1 Inventory ·1 │ 2 Sources ·1   │ Updates (soon) │ 4 Doctor ·0    │                    ● ready · 1 source registered ▏
▕▁▁▁▁▁▁▁▁▁▁▁▁▁▁▁▁│▁▁▁▁▁▁▁▁▁▁▁▁▁▁▁▁│▁▁▁▁▁▁▁▁▁▁▁▁▁▁▁▁│▁▁▁▁▁▁▁▁▁▁▁▁▁▁▁▁│▁▁▁▁▁▁▁▁▁▁▁▁▁▁▁▁▁▁▁▁▁▁▁▁▁▁▁▁▁▁▁▁▁▁▁▁▁▁▁▁▁▁▁▁▁▁▁▁▁▁▏
▕                                                                              │                                       ▏
▕▌ Global inventory  1 skill · Codex not selected                              │   Details  alpha                      ▏
▕▁▁▁▁▁▁▁▁▁▁▁▁▁▁▁▁▁▁▁▁▁▁▁▁▁▁▁▁▁▁▁▁▁▁▁▁▁▁▁▁▁▁▁▁▁▁▁▁▁▁▁▁▁▁▁▁▁▁▁▁▁▁▁▁▁▁▁▁▁▁▁▁▁▁▁▁▁▁│ ▁▁▁▁▁▁▁▁▁▁▁▁▁▁▁▁▁▁▁▁▁▁▁▁▁▁▁▁▁▁▁▁▁▁▁▁▁ ▏
▕  SKILL                 SOURCE         CLAUDE  CODEX  OPENCODE  HEALTH        │ SKILL                                 ▏
▕▌ alpha                 library        ✓       -      -         ✓ healthy     │ ───────────────────────────────────── ▏
▕                                                                              │ alpha                                 ▏
▕                                                                              │ ✓ healthy                             ▏
▕                                                                              │ Description: alpha fixture            ▏
▕                                                                              │ SOURCE                                ▏
▕                                                                              │ ───────────────────────────────────── ▏
▕                                                                              │ Source: library                       ▏
▕                                                                              │ CLAUDE CODE  ✓ healthy                ▏
▕                                                                              │ ───────────────────────────────────── ▏
▕                                                                              │ Path: ~/.claude/skills/alpha          ▏
▕                                                                              │ Object: symbolic link                 ▏
▕                                                                              │ Variant: skills · skills/alpha        ▏
▕                                                                              │ Target: ~/library/skills/alpha        ▏
▕                                                                              │ Validation: ✓ valid as alpha          ▏
▕                                                                              │ OPENCODE RESOLUTION  - could not tell ▏
▕                                                                              │ ───────────────────────────────────── ▏
▕                                                                              │ Not known: Codex (not selected)       ▏
▕                                                                              │ NO ROOT                               ▏
▕                                                                              │ ───────────────────────────────────── ▏
▕                                                                              │ - OpenCode                            ▏
▕                                                                              │ NOT READ                              ▏
▕                                                                              │ ───────────────────────────────────── ▏
▕                                                                              │ - Codex (not selected)                ▏
▕                                                                              │                                       ▏
▕                                                                              │                                       ▏
▕                                                                              │                                       ▏
▕                                                                                                                      ▏
▕ Tab/Shift-Tab Region   Enter Open   / Filter   2 Sources   4 Doctor   s Settings   ? Help   q Quit                   ▏
 ▔▔▔▔▔▔▔▔▔▔▔▔▔▔▔▔▔▔▔▔▔▔▔▔▔▔▔▔▔▔▔▔▔▔▔▔▔▔▔▔▔▔▔▔▔▔▔▔▔▔▔▔▔▔▔▔▔▔▔▔▔▔▔▔▔▔▔▔▔▔▔▔▔▔▔▔▔▔▔▔▔▔▔▔▔▔▔▔▔▔▔▔▔▔▔▔▔▔▔▔▔▔▔▔▔▔▔▔▔▔▔▔▔▔▔▔▔▔
