---
source: tests/tui_snapshots.rs
expression: screen
---
 ◆ skilled   global                               ● ready · 1 source registered
▌Inventory ·3  2 Sources ·1  Updates (soon)  4 Doctor ·3
 ▌ Details  alpha
 ──────────────────────────────────────────────────────────────────────────────
 ! 11 lines above
 Object: symbolic link
 Variant: skills · skills/alpha
 Target: ~/library/skills/alpha
 Validation: ✓ valid as alpha
 CODEX  ✓ healthy
 ──────────────────────────────────────────────────────────────────────────────
 Path: ~/.agents/skills/alpha
 Object: symbolic link
 Variant: skills · skills/alpha
 Target: ~/library/skills/alpha
 Validation: ✓ valid as alpha
 OPENCODE RESOLUTION  ✓ resolved
 ──────────────────────────────────────────────────────────────────────────────
 Loads: ~/.agents/skills/alpha
 Also at: ~/.claude/skills/alpha
 NOT INSTALLED
 ──────────────────────────────────────────────────────────────────────────────
 - OpenCode
 Tab/Shift-Tab Region   j/k Scroll   2 Sources   4 Doctor   q Quit   Esc Back …
