---
source: tests/tui_snapshots.rs
expression: "normalize_inventory(&temporary, render(&app, 80, 24))"
---
 ◆ skilled   global                              ● ready · 0 sources registered
▌Inventory  2 Sources ·0  Updates (soon)  Doctor (soon)
▌ Global inventory  not fully read
Roots: Claude Code unreadable · Codex no root · OpenCode no root
× Claude Code: the skill root is not a directory
────────────────────────────────────────────────────────────────────────────────





                                        ⌕

                      An agent skill root could not be read

    Skilled reports nothing from a root it could not read in full rather than
       reporting part of it. Each root that failed names its reason above.






 Tab/Shift-Tab Region   2 Sources   s Settings   ? Help   q Quit
