---
source: tests/tui_snapshots.rs
expression: "render(&app, 120, 40)"
---
 ◆ skilled   global                                                                                 ● setup in progress
 Setup · Welcome and scope   navigation is locked during setup




              ┌ First-run setup ───────────────────────────────────────────────────── global skills only ┐
              │                                                                                          │
              │  ●━━━━━━━━━━━ ○─────────── ○─────────── ○────────── ○────────── ○────────── ○──────────  │
              │  STEP 1 / 7                                                                              │
              │  Welcome and scope                                                                       │
              │                                                                                          │
              │  Skilled manages global skills for Claude Code, Codex, and OpenCode.                     │
              │  This setup configures agents and local source metadata.                                 │
              │                                                                                          │
              │  No coding agent is launched during setup or diagnosis.                                  │
              │  Existing physical files, directories, and unknown links are never overwritten.          │
              │                                                                                          │
              │                                                                                          │
              │                                                                                          │
              │                                                                                          │
              │                                                                                          │
              │                                                                                          │
              │                                                                                          │
              │                                                                                          │
              │                                                                                          │
              │                                                                                          │
              │                                                                                          │
              │                                                                                          │
              │                                                                                          │
              │  ──────────────────────────────────────────────────────────────────────────────────────  │
              │  Setup is persisted when it finishes                                     Enter Continue  │
              │                                                                                          │
              └──────────────────────────────────────────────────────────────────────────────────────────┘





 Enter Continue   ? Help   q Quit
