---
source: tests/tui_snapshots.rs
expression: "normalize_inventory(&temporary, render(&app, 80, 24))"
---
 ◆ skilled   global                               ● ready · 1 source registered
▌Inventory ·3  2 Sources ·1  Updates (soon)  Doctor (soon)
▌ Global inventory  0 of 3 listed
Filter: nothing
Roots: Claude Code 2 installed · Codex 2 installed · OpenCode no root
────────────────────────────────────────────────────────────────────────────────






                                        ⌕

                           No skills match the filter

       Press Esc to clear the filter and show every installed skill again.






 Tab/Shift-Tab Region   / Filter   2 Sources   s Settings   q Quit   Esc Back …
