---
source: tests/tui_snapshots.rs
assertion_line: 397
expression: "normalize_sources_screen(&app, &temporary, render(&app, 80, 24))"
---
 ◆ skilled  global                                ● ready · 1 source registered
 1 Inventory    │ 2 Sources ·1   │ 3 Updates      │ 4 Doctor       │
▌ Repositories  1 registered
────────────────────────────────────────────────────────────────────────────────
▌ source
▌ [TEMP]/source
▌ ✓ clean main@[SHORT]
















 Tab/Shift-Tab Region   x Forget   Enter Open   a Add source   Esc Back …
