---
source: tests/tui_snapshots.rs
expression: "normalize_inventory(&temporary, render(&app, 80, 24))"
---
 ◆ skilled  global                                ● ready · 1 source registered
 1 Inventory ·3 │ 2 Sources ·1   │ 3 Updates      │ 4 Doctor ·3    │

 ▌ Details  copied
 ▁▁▁▁▁▁▁▁▁▁▁▁▁▁▁▁▁▁▁▁▁▁▁▁▁▁▁▁▁▁▁▁▁▁▁▁▁▁▁▁▁▁▁▁▁▁▁▁▁▁▁▁▁▁▁▁▁▁▁▁▁▁▁▁▁▁▁▁▁▁▁▁▁▁▁▁▁▁
 SKILL
 ──────────────────────────────────────────────────────────────────────────────
 copied
 U unmanaged
 Description: copied fixture
 SOURCE
 ──────────────────────────────────────────────────────────────────────────────
 Not resolved to any registered source; Skilled does not manage it.
 CODEX  U unmanaged
 ──────────────────────────────────────────────────────────────────────────────
 Finding: install.unmanaged · info
   this installation does not come from a registered source
 Path: ~/.agents/skills/copied
 Object: directory
 Validation: ✓ valid as copied
 OPENCODE RESOLUTION  ✓ resolved
 ──────────────────────────────────────────────────────────────────────────────
 ! 7 more lines below — j/k to scroll
 Tab/Shift-Tab Region   j/k Scroll   2 Sources   4 Doctor   q Quit   Esc Back …
