---
source: tests/tui_snapshots.rs
expression: "normalize_sources_screen(&app, &temporary, render(&app, 120, 40))"
---
 ◆ skilled   global                                                                       ● ready · 1 source registered
 1 Inventory ▌Sources  Updates (soon)  Doctor (soon)
┌▌ Repositories  1 registered────┐ ┌Available variants  2 found────────────────┐┌Details  portable─────────────────────┐
│ ▌ source  ✓ clean              │ │   × invalid broken  (skills/broken)       ││ REPOSITORY                           │
│                                │ │ ▌ ✓ valid portable  (skills/portable)     ││ ──────────────────────────────────── │
│                                │ │                                           ││ Label: source                        │
│                                │ │                                           ││ Path: [TEMP]/source                  │
│                                │ │                                           ││ Branch: main · Status: ✓ clean       │
│                                │ │                                           ││ HEAD:                                │
│                                │ │                                           ││ [HEAD]                               │
│                                │ │                                           ││                                      │
│                                │ │                                           ││ Remote:                              │
│                                │ │                                           ││ https://example.test/source.git      │
│                                │ │                                           ││ Last scan: [SCAN]                    │
│                                │ │                                           ││ CATALOG                              │
│                                │ │                                           ││ ──────────────────────────────────── │
│                                │ │                                           ││ Path: skills · Classification:       │
│                                │ │                                           ││ Common                               │
│                                │ │                                           ││ Compatibility: Claude Code: yes ·    │
│                                │ │                                           ││ Codex: yes · OpenCode: yes           │
│                                │ │                                           ││ VARIANT                              │
│                                │ │                                           ││ ──────────────────────────────────── │
│                                │ │                                           ││ Directory: portable · Name: portable │
│                                │ │                                           ││ Path: skills/portable · Status: ✓    │
│                                │ │                                           ││ valid                                │
│                                │ │                                           ││ Description: Portable fixture        │
│                                │ │                                           ││                                      │
│                                │ │                                           ││                                      │
│                                │ │                                           ││                                      │
│                                │ │                                           ││                                      │
│                                │ │                                           ││                                      │
│                                │ │                                           ││                                      │
│                                │ │                                           ││                                      │
│                                │ │                                           ││                                      │
│                                │ │                                           ││                                      │
│                                │ │                                           ││                                      │
│                                │ │                                           ││                                      │
│                                │ │                                           ││                                      │
└────────────────────────────────┘ └───────────────────────────────────────────┘└──────────────────────────────────────┘
 Tab/Shift-Tab Region   j/k Move   Enter Open   a Add source   1 Inventory   ? Help   q Quit   Esc Back
