---
source: tests/tui_snapshots.rs
assertion_line: 1679
expression: "normalize_install_screen(&temporary, render(&app, 120, 40))"
---
 ▁▁▁▁▁▁▁▁▁▁▁▁▁▁▁▁▁▁▁▁▁▁▁▁▁▁▁▁▁▁▁▁▁▁▁▁▁▁▁▁▁▁▁▁▁▁▁▁▁▁▁▁▁▁▁▁▁▁▁▁▁▁▁▁▁▁▁▁▁▁▁▁▁▁▁▁▁▁▁▁▁▁▁▁▁▁▁▁▁▁▁▁▁▁▁▁▁▁▁▁▁▁▁▁▁▁▁▁▁▁▁▁▁▁▁▁▁▁
▕                                                                                                                      ▏
▕ ◆┌ Forget source ────────────────────────────────────────────────────────────────────────────────── metadata only ┐d ▏
▕▁▁│                                                                                                                │▁▁▏
▕  │  Source: src                                                                                                   │  ▏
▕ 1│  Checkout left untouched: [CANONICAL]                 /src                                                     │  ▏
▕▁▁│                                                                                                                │▁▁▏
▕▌ │  Metadata to remove                                                                                            │  ▏
▕──│  source registration and cached scan state                                                                     │─ ▏
▕▌ │  catalog: skills                                                                                               │  ▏
▕▌ │                                                                                                                │─ ▏
▕▌ │  The checkout and every skill directory are left alone.                                                        │  ▏
▕  │                                                                                                                │c ▏
▕  │                                                                                                                │  ▏
▕  │                                                                                                                │  ▏
▕  │                                                                                                                │  ▏
▕  │                                                                                                                │  ▏
▕  │                                                                                                                │  ▏
▕  │                                                                                                                │─ ▏
▕  │                                                                                                                │n ▏
▕  │                                                                                                                │  ▏
▕  │                                                                                                                │  ▏
▕  │                                                                                                                │─ ▏
▕  │                                                                                                                │  ▏
▕  │                                                                                                                │  ▏
▕  │                                                                                                                │  ▏
▕  │                                                                                                                │  ▏
▕  │                                                                                                                │  ▏
▕  │                                                                                                                │  ▏
▕  │                                                                                                                │  ▏
▕  │                                                                                                                │  ▏
▕  │                                                                                                                │  ▏
▕  │                                                                                                                │  ▏
▕  │                                                                                                                │  ▏
▕  │  ────────────────────────────────────────────────────────────────────────────────────────────────────────────  │  ▏
▕  │  Ready to forget source metadata                                                    Enter Forget   Esc Cancel  │  ▏
▕  │                                                                                                                │  ▏
▕  └────────────────────────────────────────────────────────────────────────────────────────────────────────────────┘  ▏
▕ Enter Forget   Esc Cancel   Ctrl-C Quit                                                                              ▏
 ▔▔▔▔▔▔▔▔▔▔▔▔▔▔▔▔▔▔▔▔▔▔▔▔▔▔▔▔▔▔▔▔▔▔▔▔▔▔▔▔▔▔▔▔▔▔▔▔▔▔▔▔▔▔▔▔▔▔▔▔▔▔▔▔▔▔▔▔▔▔▔▔▔▔▔▔▔▔▔▔▔▔▔▔▔▔▔▔▔▔▔▔▔▔▔▔▔▔▔▔▔▔▔▔▔▔▔▔▔▔▔▔▔▔▔▔▔▔
