---
source: tests/tui_snapshots.rs
expression: screen
---
 ▁▁▁▁▁▁▁▁▁▁▁▁▁▁▁▁▁▁▁▁▁▁▁▁▁▁▁▁▁▁▁▁▁▁▁▁▁▁▁▁▁▁▁▁▁▁▁▁▁▁▁▁▁▁▁▁▁▁▁▁▁▁▁▁▁▁▁▁▁▁▁▁▁▁▁▁▁▁▁▁▁▁▁▁▁▁▁▁▁▁▁▁▁▁▁▁▁▁▁▁
▕ ◆ skilled  global                                                                                  ▏
▕ 1 Inventory ·3 │ 2 Sources ·1   │ Updates (soon) │ 4 Doctor ·3    │  ● ready · 1 source registered ▏
▕                                                            │                                       ▏
▕▌ Global inventory  3 skills                                │   Details  alpha                      ▏
▕▁▁▁▁▁▁▁▁▁▁▁▁▁▁▁▁▁▁▁▁▁▁▁▁▁▁▁▁▁▁▁▁▁▁▁▁▁▁▁▁▁▁▁▁▁▁▁▁▁▁▁▁▁▁▁▁▁▁▁▁│ ▁▁▁▁▁▁▁▁▁▁▁▁▁▁▁▁▁▁▁▁▁▁▁▁▁▁▁▁▁▁▁▁▁▁▁▁▁ ▏
▕  SKILL              CLAUDE  CODEX  OPENCODE  HEALTH        │ SKILL                                 ▏
▕▌ alpha              ✓       ✓      -         ✓ healthy     │ ───────────────────────────────────── ▏
▕  broken             ×       -      -         × broken      │ alpha                                 ▏
▕  copied             -       U      -         U unmanaged   │ ✓ healthy                             ▏
▕                                                            │ Description: alpha fixture            ▏
▕                                                            │ SOURCE                                ▏
▕                                                            │ ───────────────────────────────────── ▏
▕                                                            │ Source: library                       ▏
▕                                                            │ CLAUDE CODE  ✓ healthy                ▏
▕                                                            │ ───────────────────────────────────── ▏
▕                                                            │ Path: ~/.claude/skills/alpha          ▏
▕                                                            │ Object: symbolic link                 ▏
▕                                                            │ Variant: skills · skills/alpha        ▏
▕                                                            │ Target: ~/library/skills/alpha        ▏
▕                                                            │ Validation: ✓ valid as alpha          ▏
▕                                                            │ CODEX  ✓ healthy                      ▏
▕                                                            │ ───────────────────────────────────── ▏
▕                                                            │ Path: ~/.agents/skills/alpha          ▏
▕                                                            │ Object: symbolic link                 ▏
▕                                                            │ ! 10 more lines below — Tab, then j/k ▏
▕ Tab/Shift-Tab Region   j/k Move   Enter Open   / Filter   2 Sources   4 Doctor   q Quit …          ▏
 ▔▔▔▔▔▔▔▔▔▔▔▔▔▔▔▔▔▔▔▔▔▔▔▔▔▔▔▔▔▔▔▔▔▔▔▔▔▔▔▔▔▔▔▔▔▔▔▔▔▔▔▔▔▔▔▔▔▔▔▔▔▔▔▔▔▔▔▔▔▔▔▔▔▔▔▔▔▔▔▔▔▔▔▔▔▔▔▔▔▔▔▔▔▔▔▔▔▔▔▔
