---
source: tests/tui_snapshots.rs
expression: "render(&app, 120, 40)"
---
 ◆ skilled   global                                                                      ● ready · 0 sources registered
▌Inventory  2 Sources  Updates (soon)  Doctor (soon)
▌ Global inventory  no root read                                                │ Details  no selection
Roots: Claude Code no root · Codex no root · OpenCode no root                   │ ─────────────────────────────────────
────────────────────────────────────────────────────────────────────────────────│
                                                                                │
                                                                                │
                                                                                │
                                                                                │
                                                                                │
                                                                                │
                                                                                │
                                                                                │
                                                                                │
                                                                                │
                                                                                │
                                                                                │
                                                                                │
                                                                                │                   ·
                                        ⌕                                       │
                                                                                │            Nothing to show
                         No agent skill root exists yet                         │
                                                                                │     Identity, provenance, and the
   Skilled looked for the documented global skill root of each selected agent   │  observed object in every agent root
                 and found none of them. It did not create one.                 │ appear here once a skill is selected.
                                                                                │
                                                                                │
                                                                                │
                                                                                │
                                                                                │
                                                                                │
                                                                                │
                                                                                │
                                                                                │
                                                                                │
                                                                                │
                                                                                │
                                                                                │
                                                                                │
 Tab/Shift-Tab Region   2 Sources   s Settings   ? Help   q Quit
