---
source: tests/tui_snapshots.rs
expression: "normalize_inventory(&temporary, render(&app, 120, 40))"
---
 ◆ skilled  global
 1 Inventory ·4 │ 2 Sources ·2   │ Updates (soon) │▌Doctor ·6      │                     ● ready · 2 sources registered
▌ Doctor  6 findings                                                            │ Details  dangling
────────────────────────────────────────────────────────────────────────────────│ ─────────────────────────────────────
  SEVERITY   FINDING                           SKILL                AGENT       │ FINDING
▌ × critical install.dangling_symlink          dangling             Claude Code │ ─────────────────────────────────────
  × critical variant.duplicate_for_agent       review               Claude Code │ install.dangling_symlink
  × critical variant.duplicate_for_agent       review               OpenCode    │ × critical
  ! warning  variant.duplicate_for_agent       review               Codex       │ Agent: Claude Code
  ! warning  variant.foreign_opencode_exposure exposed              OpenCode    │ OBSERVED
  - info     variant.benign_alias              shared               OpenCode    │ ─────────────────────────────────────
                                                                                │ the link target does not exist
                                                                                │ CONSEQUENCE
                                                                                │ ─────────────────────────────────────
                                                                                │ The agent finds a link with nothing
                                                                                │ behind it, so the skill does not
                                                                                │ load.
                                                                                │ INSTALLATION
                                                                                │ ─────────────────────────────────────
                                                                                │ Path: ~/.claude/skills/dangling
                                                                                │ Object: symbolic link
                                                                                │ Target: ~/gone
                                                                                │ Repair: not offered in this release
                                                                                │
                                                                                │
                                                                                │
                                                                                │
                                                                                │
                                                                                │
                                                                                │
                                                                                │
                                                                                │
                                                                                │
                                                                                │
                                                                                │
                                                                                │
                                                                                │
                                                                                │
                                                                                │
 Tab/Shift-Tab Region   j/k Move   Enter Open   1 Inventory   2 Sources   ? Help   q Quit   Esc Back
