---
source: tests/tui_snapshots.rs
expression: screen
---
 ◆ skilled   global                              ● ready · 0 sources registered
 1 Inventory  2 Sources ·0  Updates (soon) ▌Doctor
▌ Doctor  no root read
────────────────────────────────────────────────────────────────────────────────






                                        ·

                         No agent skill root exists yet

   Skilled looked for the documented global skill root of each selected agent
   and found none of them, so it read nothing to report on. It did not create
                                      one.






 Tab/Shift-Tab Region   1 Inventory   2 Sources   ? Help   q Quit   Esc Back
